usr/bin/CC
usr/bin/addr2line
usr/bin/ar
usr/bin/as
usr/bin/byacc
usr/bin/c++
usr/bin/c++filt
usr/bin/c89
usr/bin/c99
usr/bin/cc
usr/bin/cpp
usr/bin/flex
usr/bin/flex++
usr/bin/g++
usr/bin/gcc
usr/bin/gcov
usr/bin/gdb
usr/bin/gdbtui
usr/bin/gprof
usr/bin/kgdb
usr/bin/ld
usr/bin/lex
usr/bin/lex++
usr/bin/lint
usr/bin/nm
usr/bin/objcopy
usr/bin/objdump
usr/bin/protoize
usr/bin/ranlib
usr/bin/readelf
usr/bin/size
usr/bin/strings
usr/bin/strip
usr/bin/yacc
usr/bin/yyfix
usr/lib/libfl.a
usr/lib/libl.a
usr/lib/libln.a
usr/lib/libobjc.a
usr/lib/libobjc.so
usr/lib/libobjc.so.2
usr/libdata/ldscripts/elf_i386_fbsd.x
usr/libdata/ldscripts/elf_i386_fbsd.xbn
usr/libdata/ldscripts/elf_i386_fbsd.xc
usr/libdata/ldscripts/elf_i386_fbsd.xd
usr/libdata/ldscripts/elf_i386_fbsd.xdc
usr/libdata/ldscripts/elf_i386_fbsd.xn
usr/libdata/ldscripts/elf_i386_fbsd.xr
usr/libdata/ldscripts/elf_i386_fbsd.xs
usr/libdata/ldscripts/elf_i386_fbsd.xsc
usr/libdata/ldscripts/elf_i386_fbsd.xu
usr/libdata/lint/llib-lposix.ln
usr/libdata/lint/llib-lstdc.ln
usr/libexec/cc1
usr/libexec/cc1obj
usr/libexec/cc1plus
usr/libexec/lint1
usr/libexec/lint2
usr/share/info/as.info.gz
usr/share/info/binutils.info.gz
usr/share/info/cpp.info.gz
usr/share/info/cppinternals.info.gz
usr/share/info/gasp.info.gz
usr/share/info/gcc.info.gz
usr/share/info/gccint.info.gz
usr/share/info/gdb.info.gz
usr/share/info/gdbint.info.gz
usr/share/info/ld.info.gz
usr/share/info/stabs.info.gz
usr/share/man/man1/CC.1.gz
usr/share/man/man1/addr2line.1.gz
usr/share/man/man1/ar.1.gz
usr/share/man/man1/as.1.gz
usr/share/man/man1/byacc.1.gz
usr/share/man/man1/c++.1.gz
usr/share/man/man1/c89.1.gz
usr/share/man/man1/c99.1.gz
usr/share/man/man1/cc.1.gz
usr/share/man/man1/cpp.1.gz
usr/share/man/man1/flex++.1.gz
usr/share/man/man1/flex.1.gz
usr/share/man/man1/g++.1.gz
usr/share/man/man1/gcc.1.gz
usr/share/man/man1/gcov.1.gz
usr/share/man/man1/gdb.1.gz
usr/share/man/man1/gprof.1.gz
usr/share/man/man1/kgdb.1.gz
usr/share/man/man1/ld.1.gz
usr/share/man/man1/lex++.1.gz
usr/share/man/man1/lex.1.gz
usr/share/man/man1/lint.1.gz
usr/share/man/man1/nm.1.gz
usr/share/man/man1/objcopy.1.gz
usr/share/man/man1/objdump.1.gz
usr/share/man/man1/ranlib.1.gz
usr/share/man/man1/readelf.1.gz
usr/share/man/man1/size.1.gz
usr/share/man/man1/strings.1.gz
usr/share/man/man1/strip.1.gz
usr/share/man/man1/yacc.1.gz
usr/share/man/man1/yyfix.1.gz
usr/share/man/man7/lint.7.gz
usr/share/misc/gprof.callg
usr/share/misc/gprof.flat
